// Jest Snapshot v1, https://goo.gl/fbAQLP

exports[`Nav component matches shanpshot 1`] = `
<DocumentFragment>
  <header>
    <nav
      class="nav"
    >
      <ul
        class="flex-row"
      >
        <li
          class="mx-2"
        >
          <a
            class="site-title"
            href="/"
          >
            FEC
          </a>
        </li>
        <li
          class="mx-1"
        >
          <span>
            wedding
          </span>
        </li>
        <li
          class="mx-1"
        >
          <span>
            birthday
          </span>
        </li>
      </ul>
    </nav>
  </header>
</DocumentFragment>
`;
